{
  "timestamp": "2020-05-01T13:39:07Z",
  "version": "1.5.2",
  "system": {
    "min_loglevel": 300,
    "metrics_rate_sec": 10,
    "operation": { }
  },
  "gateway": {
    "proxy_ids": [ "SNS-4", "AHU-22" ]
  },
  "discovery": {
    "families": {
      "bacnet": {
        "generation": "2018-08-26T21:00:13Z",
        "scan_interval_sec": 600,
        "scan_duration_sec": 60
      },
      "vendor": { },
      "vendor2": {
        "generation": "2018-08-26T21:00:13Z",
        "scan_interval_sec": 600
      }
    }
  },
  "localnet": {
    "families": {
      "vendor": { }
    }
  },
  "pointset": {
    "points": {
      "globulating_globar": {
        "units": "Bars"
      }
    }
  }
}